Running tests ...
[1A[KRunning 53 tests in 1 runtime ...
[1A[K[1m[32m53 tests, 269 assertions, 1 runtime ... OK[0m
